cargo : warning: unused import: `copy_file_impl`
At line:1 char:1
+ cargo test --features gui -- --nocapture *> test_output.txt; echo Exi ...
+ ~~~~~~~~~~~~~~~~~~~~~~~~~~~~~~~~~~~~~~~~~~~~~~~~~~~~~~~~~~~
    + CategoryInfo          : NotSpecified: (warning: unused import: `copy_file_impl`:String) [], RemoteException
    + FullyQualifiedErrorId : NativeCommandError
 
  --> examples\progress_demo.rs:12:34
   |
12 | use orbit::{copy_directory_impl, copy_file_impl};
   |                                  ^^^^^^^^^^^^^^
   |
   = note: `#[warn(unused_imports)]` on by default

warning: struct `DualPublisher` is never constructed
   --> examples\progress_demo.rs:144:12
    |
144 |     struct DualPublisher {
    |            ^^^^^^^^^^^^^
    |
    = note: `#[warn(dead_code)]` on by default

warning: method `publish_to_both` is never used
   --> examples\progress_demo.rs:150:12
    |
149 |     impl DualPublisher {
    |     ------------------ method in this implementation
150 |         fn publish_to_both(&self, event: orbit::core::progress::ProgressEvent) {
    |            ^^^^^^^^^^^^^^^

warning: `orbit` (example "progress_demo") generated 3 warnings (run `cargo fix --example "progress_demo"` to apply 1 
suggestion)
    Finished `test` profile [unoptimized + debuginfo] target(s) in 0.94s
     Running unittests src\lib.rs (target\debug\deps\orbit-f552158f4fe7d3c0.exe)

running 180 tests
test cli_progress::tests::test_format_duration ... ok
test cli_progress::tests::test_format_bytes ... ok
test cli_progress::tests::test_transfer_state_progress ... ok
test config::tests::test_cpu_count ... ok
test config::tests::test_default_config ... ok
test config::tests::test_chunking_strategy_default ... ok
test config::tests::test_default_values ... ok
test config::tests::test_network_preset ... ok
test core::bandwidth::tests::test_bandwidth_limiting_concurrent ... ignored
test core::bandwidth::tests::test_bandwidth_limiting_load ... ignored
Compressing with LZ4...
test config::tests::test_fast_preset ... ok
Compressing with Zstd (level 3)...
test config::tests::test_safe_preset ... ok
test core::bandwidth::tests::test_limiter_creation_unlimited ... ok
test core::bandwidth::tests::test_unlimited_no_wait ... ok
test core::checksum::tests::test_streaming_hasher ... ok
test core::concurrency::tests::test_acquire_and_release ... ok
test core::concurrency::tests::test_concurrency_limiting_throughput ... ignored
test core::concurrency::tests::test_concurrency_permit_drop ... ok
test core::concurrency::tests::test_detect_optimal_concurrency ... ok
test core::concurrency::tests::test_limiter_creation ... ok
test core::concurrency::tests::test_try_acquire ... ok
test config::tests::test_readme_config_example ... ok
Compression: 138 bytes -> 95 bytes (68.8%)
test config::tests::test_serialization ... ok
Compression: 30 bytes -> 39 bytes (130.0%)
test core::checksum::tests::test_calculate_checksum ... ok
test core::concurrency::tests::test_limiter_auto_detect ... ok
test audit::tests::test_write_and_read_json_audit ... ok
test core::delta::algorithm::tests::test_generate_delta_completely_different ... ok
test core::delta::algorithm::tests::test_generate_delta_identical_files ... ok
test core::delta::algorithm::tests::test_empty_source ... ok
Decompressed 138 bytes
test core::delta::algorithm::tests::test_generate_delta_partial_match ... ok
Decompressed 30 bytes
test core::delta::algorithm::tests::test_signature_index ... ok
test core::delta::algorithm::tests::test_generate_delta_rolling ... ok
test core::delta::checksum::tests::test_generate_signatures ... ok
test core::delta::checksum::tests::test_generate_signatures_empty ... ok
test audit::tests::test_write_csv_audit ... ok
test core::delta::checksum::tests::test_rolling_checksum_basic ... ok
test core::delta::checksum::tests::test_rolling_checksum_roll ... ok
test core::delta::checksum::tests::test_strong_hash_blake3 ... ok
test core::delta::types::tests::test_check_mode_parsing ... ok
test core::delta::types::tests::test_delta_config_builder ... ok
test core::delta::types::tests::test_delta_stats_calculation ... ok
test core::delta::types::tests::test_delta_stats_merge ... ok
test core::delta::tests::test_should_use_delta_dest_not_exists ... ok
test core::disk_guardian::tests::test_disk_watcher_creation ... ok
test core::disk_guardian::tests::test_ensure_space_with_margin ... ok
test core::disk_guardian::tests::test_check_integrity ... ok
test core::dry_run::tests::test_dry_run_disabled ... ok
test core::dry_run::tests::test_dry_run_enabled ... ok
test core::disk_guardian::tests::test_create_staging_area ... ok
test core::dry_run::tests::test_summary ... ok
test core::enhanced_progress::tests::test_format_bytes ... ok
test core::file_metadata::tests::test_manifest_conversion ... ok
test core::file_metadata::tests::test_preserve_flags_parsing ... ok
test core::enhanced_progress::tests::test_progress_tracker_creation ... ok
test core::filter::tests::test_exclude_then_include ... ok
test core::filter::tests::test_filter_list_should_include ... ok
test core::directory::tests::collect_deletion_candidates_respects_excludes ... ok
test core::filter::tests::test_filter_list_with_default_exclude ... ok
test core::filter::tests::test_first_match_wins ... ok
test core::filter::tests::test_glob_matching ... ok
test core::filter::tests::test_glob_recursive ... ok
test core::filter::tests::test_invalid_glob ... ok
test core::file_metadata::tests::test_file_metadata_extraction ... ok
test core::filter::tests::test_negation ... ok
test core::filter::tests::test_invalid_regex ... ok
test core::filter::tests::test_path_matching ... ok
test core::filter::tests::test_rsync_like_patterns ... ok
test core::file_metadata::tests::test_preserve_metadata_basic ... ok
test core::metadata::tests::test_preserve_metadata ... ok
test core::metadata_ops::tests::test_metadata_preserver_default ... ok
test core::metadata_ops::tests::test_extract_and_transform ... ok
test core::metadata_ops::tests::test_metadata_preserver_with_flags ... ok
test core::metadata_ops::tests::test_metadata_stats ... ok
test core::progress::tests::test_event_sequence ... ok
test core::progress::tests::test_file_id_creation ... ok
test core::progress::tests::test_noop_publisher ... ok
test core::progress::tests::test_publisher_subscriber ... ok
test core::resume::tests::test_chunk_digest_recording ... ok
test core::filter::tests::test_parse_rule_line ... ok
test core::filter::tests::test_regex_matching ... ok
test compression::tests::test_lz4_compression_roundtrip ... ok
test core::metadata_ops::tests::test_preserve_local_basic ... ok
test core::resume::tests::test_resume_decision_restart_file_missing ... ok
test compression::tests::test_zstd_compression_roundtrip ... ok
test core::resume::tests::test_resume_decision_start_fresh ... ok
test core::delta::tests::test_should_use_delta_file_too_small ... ok
Loaded resume info: 2048 bytes, 0 chunks verified
test core::resume::tests::test_compressed_resume_info ... ok
test core::retry::tests::test_calculate_backoff_delay ... ok
test core::retry::tests::test_error_mode_abort ... ok
test core::retry::tests::test_error_mode_skip ... ok
test core::directory::tests::apply_deletions_removes_files ... ok
test core::retry::tests::test_fixed_backoff_delay ... ok
test core::tests::test_copy_nonexistent_source ... ok
Loaded resume info: 2048 bytes, 2 chunks verified
test core::delta::tests::test_should_use_delta_valid_case ... ok
Loaded resume info: 1024 bytes, 0 chunks verified
test core::transform::tests::test_case_transform ... ok
test core::resume::tests::test_save_load_resume_info_full ... ok
test core::transform::tests::test_complete_transformation ... ok
test core::resume::tests::test_save_and_load_resume_info ... ok
test core::transform::tests::test_metadata_filter_strip_ownership ... ok
test core::transform::tests::test_metadata_filter_strip_xattrs ... ok
test core::transform::tests::test_parse_transform_string ... ok
test core::transform::tests::test_path_transform_full_path ... ok
test core::validation::tests::test_matches_exclude_pattern ... ok
test core::transform::tests::test_path_transform_basename ... ok
test core::transform::tests::test_transform_builder ... ok
test core::zero_copy::tests::test_capabilities_detection ... ok
test core::validation::tests::test_should_copy_copy_mode ... ok
test error::tests::test_error_categories ... ok
test error::tests::test_error_category_display ... ok
test error::tests::test_error_display ... ok
test core::zero_copy::tests::test_same_filesystem ... ok
test error::tests::test_fatal_errors ... ok
test error::tests::test_network_errors ... ok
test error::tests::test_non_fatal_errors ... ok
test error::tests::test_other_error ... ok
test error::tests::test_transient_errors ... ok
test error::tests::test_zero_copy_unsupported_detection ... ok
test error::tests::test_zero_copy_unsupported_display ... ok
test instrumentation::tests::test_avg_retries ... ok
test instrumentation::tests::test_error_categorization ... ok
test instrumentation::tests::test_record_failure ... ok
test core::delta::transfer::tests::test_calculate_file_hash ... ok
test instrumentation::tests::test_record_retry ... ok
test instrumentation::tests::test_record_skip ... ok
test instrumentation::tests::test_record_success ... ok
test instrumentation::tests::test_success_rate ... ok
test instrumentation::tests::test_transient_fatal_tracking ... ok
test instrumentation::tests::test_thread_safety ... ok
test logging::tests::test_init_stdout_logging ... ok
test logging::tests::test_log_level_conversion ... ok
test logging::tests::test_verbose_overrides_log_level ... ok
test core::delta::tests::test_should_use_delta_whole_file_forced ... ok
test manifest_integration::tests::test_should_generate_manifest ... ok
test logging::tests::test_init_file_logging ... ok
test protocol::local::tests::test_local_exists ... ok
test core::resume::tests::test_chunk_validation_success ... ok
test protocol::local::tests::test_local_metadata ... ok
test protocol::tests::test_local_backend_creation ... ok
test protocol::tests::test_local_protocol ... ok
test protocol::tests::test_smb_protocol_parsing ... ok
test protocol::uri::tests::test_parse_invalid_smb ... ok
test protocol::uri::tests::test_parse_local_path ... ok
test protocol::uri::tests::test_parse_s3_bucket_only ... ok
test protocol::uri::tests::test_parse_s3_bucket_with_trailing_slash ... ok
test protocol::uri::tests::test_parse_s3_invalid_empty_bucket ... ok
test protocol::uri::tests::test_parse_s3_simple ... ok
test manifest_integration::tests::test_manifest_generator_creation ... ok
test protocol::uri::tests::test_parse_s3_with_credentials ... ok
test protocol::uri::tests::test_parse_s3_with_endpoint ... ok
test protocol::uri::tests::test_parse_s3_with_region ... ok
test protocol::uri::tests::test_parse_s3_with_region_and_endpoint ... ok
test protocol::uri::tests::test_parse_smb_simple ... ok
test protocol::uri::tests::test_parse_smb_with_auth ... ok
test stats::tests::test_format_bytes ... ok
test stats::tests::test_format_duration ... ok
test telemetry::tests::test_telemetry_event_conversion ... ok
test core::resume::tests::test_resume_decision_restart_file_truncated ... ok
test telemetry::tests::test_telemetry_event_serialization ... ok
test tests::test_version ... ok
test tests::test_zero_copy_detection ... ok
test manifest_integration::tests::test_chunk_file ... ok
test core::resume::tests::test_resume_decision_resume_valid ... ok
test core::concurrency::tests::test_concurrent_access ... ok
test core::delta::tests::test_should_use_delta_wrong_check_mode ... ok
test core::disk_guardian::tests::test_validate_directory_transfer ... ok
test protocol::local::tests::test_local_read_write ... ok
test core::disk_guardian::tests::test_estimate_directory_size ... ok
test core::tests::test_zero_copy_small_file_skipped ... ok
test core::directory::tests::collect_deletion_candidates_flags_extras ... ok
test core::delta::transfer::tests::test_full_copy_as_delta ... ok
test core::delta::transfer::tests::test_copy_with_delta_no_dest ... ok
test core::resume::tests::test_chunk_validation_failure ... ok
test core::delta::transfer::tests::test_copy_with_delta_fallback ... ok
test core::delta::transfer::tests::test_copy_with_delta_identical_files ... ok
test core::tests::test_copy_simple_file ... ok
test core::validation::tests::test_should_copy_sync_mode_newer ... ok
test core::bandwidth::tests::test_limiter_creation_limited ... ok
test core::bandwidth::tests::test_limiter_wait ... ok
test core::concurrency::tests::test_concurrency_limiting_load ... ok
test core::delta::transfer::tests::test_copy_with_delta_partial_match ... ok

test result: ok. 177 passed; 0 failed; 3 ignored; 0 measured; 0 filtered out; finished in 0.85s

     Running unittests src\main.rs (target\debug\deps\orbit-c614b7c34e1187a8.exe)

running 0 tests

test result: ok. 0 passed; 0 failed; 0 ignored; 0 measured; 0 filtered out; finished in 0.00s

     Running tests\delta_integration_test.rs (target\debug\deps\delta_integration_test-5056616f3b2e40eb.exe)

running 12 tests
Zero-copy not supported, using buffered copy
test test_delta_no_destination ... ok
Ô£ô Delta transfer: Delta: 3/4 blocks matched (96.0% savings, 8192/204800 bytes transferred)
test test_check_mode_size ... ok
test test_small_file_threshold ... ok
test test_delta_identical_files ... ok
test test_whole_file_flag ... ok
Ô£ô Delta transfer: Delta: 16/16 blocks matched (100.0% savings, 0/1048576 bytes transferred)
Ô£ô Delta transfer: Delta: 4/4 blocks matched (100.0% savings, 0/1048576 bytes transferred)
Ô£ô Delta transfer: Delta: 2/2 blocks matched (100.0% savings, 0/1048576 bytes transferred)
Ô£ô Delta transfer: Delta: 1/1 blocks matched (100.0% savings, 0/1048576 bytes transferred)
test test_different_block_sizes ... ok
test test_check_mode_modtime ... ok
Ô£ô Delta transfer: Delta: 6/10 blocks matched (64.0% savings, 55296/153600 bytes transferred)
test test_delta_appended_data ... ok
Ô£ô Delta transfer: Delta: 10/12 blocks matched (83.3% savings, 51200/307200 bytes transferred)
test test_delta_partial_modification ... ok
Ô£ô Delta transfer: Delta: 5/7 blocks matched (68.0% savings, 65536/204800 bytes transferred)
test test_delta_with_binary_data ... ok
Ô£ô Delta transfer: Delta: 0/5 blocks matched (0.0% savings, 153600/153600 bytes transferred)
test test_delta_completely_different_files ... ok
Ô£ô Delta transfer: Delta: 8/10 blocks matched (80.0% savings, 102400/512000 bytes transferred)
test test_delta_stats_reporting ... ok

test result: ok. 12 passed; 0 failed; 0 ignored; 0 measured; 0 filtered out; finished in 47.79s

     Running tests\error_handling_integration_tests.rs 
(target\debug\deps\error_handling_integration_tests-0aff6d147c7033df.exe)

running 14 tests
test test_error_categorization ... ok
test test_error_mode_abort ... ok
test test_fatal_error_no_retry ... ok
test test_error_mode_partial_with_retry ... ok
test test_error_mode_skip ... ok
test test_multiple_error_types_in_sequence ... ok
test test_retry_with_transient_errors ... ok
test test_stats_snapshot_formatting ... ok
test test_stats_tracking ... ok
test test_stats_tracking_with_failures ... ok
test test_transient_io_errors ... ok
test test_retry_exhaustion ... ok
test test_concurrent_stats_tracking ... ok
test test_exponential_backoff_timing ... ok

test result: ok. 14 passed; 0 failed; 0 ignored; 0 measured; 0 filtered out; finished in 3.00s

     Running tests\filter_integration_test.rs (target\debug\deps\filter_integration_test-2752d13fae721a21.exe)

running 8 tests
Scanning and copying directory tree...
Filtered out: exclude.log
Would copy: "C:\\Users\\User\\AppData\\Local\\Temp\\.tmp9L4zi7\\keep.txt" -> "C:\\Users\\User\\AppData\\Local\\Temp\\.tmpnEebxc\\keep.txt" (4 bytes)

Directory copy completed:
  Files copied: 1
  Files skipped: 0
  Files failed: 0
  Total bytes: 4
  Duration: 4.0675ms
Scanning and copying directory tree...
Scanning and copying directory tree...
Scanning and copying directory tree...
Scanning and copying directory tree...
Scanning and copying directory tree...

Directory copy completed:
  Files copied: 1
  Files skipped: 0
  Files failed: 0
  Total bytes: 9
  Duration: 5.9155ms
test test_dry_run_shows_filtered_items ... ok
test test_path_filter_exact_match ... ok
Scanning and copying directory tree...

Directory copy completed:
  Files copied: 1
  Files skipped: 0
  Files failed: 0
  Total bytes: 4
  Duration: 9.2557ms
  Files deleted: 1
Scanning and copying directory tree...

Directory copy completed:
  Files copied: 2
  Files skipped: 0
  Files failed: 0
  Total bytes: 21
  Duration: 8.1483ms

Directory copy completed:
  Files copied: 3
  Files skipped: 0
  Files failed: 0
  Total bytes: 17
  Duration: 10.603ms

Directory copy completed:
  Files copied: 3
  Files skipped: 0
  Files failed: 0
  Total bytes: 36
  Duration: 14.2068ms
test test_mirror_mode_respects_filters ... ok
test test_basic_exclude_patterns ... ok
test test_filter_from_file ... ok

Directory copy completed:
  Files copied: 3
  Files skipped: 0
  Files failed: 0
  Total bytes: 40
  Duration: 19.5533ms
test test_regex_patterns ... ok

Directory copy completed:
  Files copied: 3
  Files skipped: 0
  Files failed: 0
  Total bytes: 3
  Duration: 20.0139ms
test test_include_patterns_override_exclude ... ok
test test_nested_directory_filtering ... ok

test result: ok. 8 passed; 0 failed; 0 ignored; 0 measured; 0 filtered out; finished in 0.05s

     Running tests\gui_integration.rs (target\debug\deps\gui_integration-93c3e40156f03fbe.exe)

running 1 test
It looks like you're trying to compile Leptos without the LEPTOS_OUTPUT_NAME environment variable being set. There are 
two options
 1. cargo-leptos is not being used, but get_configuration() is being passed None. This needs to be changed to 
Some("Cargo.toml")
 2. You are compiling Leptos without LEPTOS_OUTPUT_NAME being set with cargo-leptos. This shouldn't be possible!

thread 'orbit_web_health_endpoint_responds' panicked at 
C:\Users\User\.cargo\registry\src\index.crates.io-1949cf8c6b5b557f\wasm-bindgen-0.2.105\src\lib.rs:1255:1:
function not implemented on non-wasm32 targets
note: run with `RUST_BACKTRACE=1` environment variable to display a backtrace

thread 'orbit_web_health_endpoint_responds' panicked at library\core\src\panicking.rs:225:5:
panic in a function that cannot unwind
stack backtrace:
   0:     0x7ff7c0de1c32 - std::backtrace_rs::backtrace::win64::trace
                               at 
/rustc/1159e78c4747b02ef996e55082b704c09b970588/library\std\src\..\..\backtrace\src\backtrace\win64.rs:85
   1:     0x7ff7c0de1c32 - std::backtrace_rs::backtrace::trace_unsynchronized
                               at 
/rustc/1159e78c4747b02ef996e55082b704c09b970588/library\std\src\..\..\backtrace\src\backtrace\mod.rs:66
   2:     0x7ff7c0de1c32 - std::sys::backtrace::_print_fmt
                               at /rustc/1159e78c4747b02ef996e55082b704c09b970588/library\std\src\sys\backtrace.rs:66
   3:     0x7ff7c0de1c32 - std::sys::backtrace::impl$0::print::impl$0::fmt
                               at /rustc/1159e78c4747b02ef996e55082b704c09b970588/library\std\src\sys\backtrace.rs:39
   4:     0x7ff7c0e0539b - core::fmt::rt::Argument::fmt
                               at /rustc/1159e78c4747b02ef996e55082b704c09b970588/library\core\src\fmt\rt.rs:173
   5:     0x7ff7c0e0539b - core::fmt::write
                               at /rustc/1159e78c4747b02ef996e55082b704c09b970588/library\core\src\fmt\mod.rs:1468
   6:     0x7ff7c0ddce87 - std::io::default_write_fmt
                               at /rustc/1159e78c4747b02ef996e55082b704c09b970588/library\std\src\io\mod.rs:639
   7:     0x7ff7c0ddce87 - std::io::Write::write_fmt<std::sys::stdio::windows::Stderr>
                               at /rustc/1159e78c4747b02ef996e55082b704c09b970588/library\std\src\io\mod.rs:1954
   8:     0x7ff7c0de1a75 - std::sys::backtrace::BacktraceLock::print
                               at /rustc/1159e78c4747b02ef996e55082b704c09b970588/library\std\src\sys\backtrace.rs:42
   9:     0x7ff7c0de5479 - std::panicking::default_hook::closure$0
                               at /rustc/1159e78c4747b02ef996e55082b704c09b970588/library\std\src\panicking.rs:300
  10:     0x7ff7c0de51ef - std::panicking::default_hook
                               at /rustc/1159e78c4747b02ef996e55082b704c09b970588/library\std\src\panicking.rs:327
  11:     0x7ff7c0de601b - std::panicking::rust_panic_with_hook
                               at /rustc/1159e78c4747b02ef996e55082b704c09b970588/library\std\src\panicking.rs:833
  12:     0x7ff7c0de5d92 - std::panicking::begin_panic_handler::closure$0
                               at /rustc/1159e78c4747b02ef996e55082b704c09b970588/library\std\src\panicking.rs:699
  13:     0x7ff7c0de29ef - 
std::sys::backtrace::__rust_end_short_backtrace<std::panicking::begin_panic_handler::closure_env$0,never$>
                               at /rustc/1159e78c4747b02ef996e55082b704c09b970588/library\std\src\sys\backtrace.rs:174
  14:     0x7ff7c0de59de - std::panicking::begin_panic_handler
                               at /rustc/1159e78c4747b02ef996e55082b704c09b970588/library\std\src\panicking.rs:697
  15:     0x7ff7c0f87455 - core::panicking::panic_nounwind_fmt
                               at 
/rustc/1159e78c4747b02ef996e55082b704c09b970588/library\core\src\intrinsics\mod.rs:2367
  16:     0x7ff7c0f87503 - core::panicking::panic_nounwind
                               at /rustc/1159e78c4747b02ef996e55082b704c09b970588/library\core\src\panicking.rs:225
  17:     0x7ff7c0f876ee - core::panicking::panic_cannot_unwind
                               at /rustc/1159e78c4747b02ef996e55082b704c09b970588/library\core\src\panicking.rs:346
  18:     0x7ff7c0a15d93 - wasm_bindgen::__wbindgen_describe
                               at 
C:\Users\User\.cargo\registry\src\index.crates.io-1949cf8c6b5b557f\wasm-bindgen-0.2.105\src\lib.rs:100
  19:     0x7ffa13370430 - _CxxFrameHandler3
  20:     0x7ffa1336342d - is_exception_typeof
  21:     0x7ffa3e561466 - RtlCaptureContext2
  22:     0x7ff7c0a15d77 - wasm_bindgen::__wbindgen_describe
                               at 
C:\Users\User\.cargo\registry\src\index.crates.io-1949cf8c6b5b557f\wasm-bindgen-0.2.105\src\lib.rs:101
  23:     0x7ff7c09b9edf - wasm_bindgen::describe::inform
                               at 
C:\Users\User\.cargo\registry\src\index.crates.io-1949cf8c6b5b557f\wasm-bindgen-0.2.105\src\describe.rs:19
  24:     0x7ff7c09b9edf - wasm_bindgen::__rt::wbg_cast::breaks_if_inlined<wasm_bindgen::closure::OwnedClosure<dyn$<cor
e::ops::function::Fn<tuple$<>,assoc$<Output,tuple$<> > > > >,wasm_bindgen::closure::JsClosure>
                               at 
C:\Users\User\.cargo\registry\src\index.crates.io-1949cf8c6b5b557f\wasm-bindgen-0.2.105\src\rt\mod.rs:77
  25:     0x7ff7c09ba03b - wasm_bindgen::__rt::wbg_cast<wasm_bindgen::closure::OwnedClosure<dyn$<core::ops::function::F
n<tuple$<>,assoc$<Output,tuple$<> > > > >,wasm_bindgen::closure::JsClosure>
                               at 
C:\Users\User\.cargo\registry\src\index.crates.io-1949cf8c6b5b557f\wasm-bindgen-0.2.105\src\rt\mod.rs:93
  26:     0x7ff7c09ba163 - wasm_bindgen::closure::Closure<dyn$<core::ops::function::Fn<tuple$<>,assoc$<Output,tuple$<> 
> > > >::wrap<dyn$<core::ops::function::Fn<tuple$<>,assoc$<Output,tuple$<> > > > >
                               at 
C:\Users\User\.cargo\registry\src\index.crates.io-1949cf8c6b5b557f\wasm-bindgen-0.2.105\src\closure.rs:291
  27:     0x7ff7c09b4edd - leptos_dom::helpers::set_interval_with_handle::si
                               at 
C:\Users\User\.cargo\registry\src\index.crates.io-1949cf8c6b5b557f\leptos_dom-0.6.15\src\helpers.rs:393
  28:     0x7ff7c00acacb - leptos_dom::helpers::set_interval_with_handle
                               at 
C:\Users\User\.cargo\registry\src\index.crates.io-1949cf8c6b5b557f\leptos_dom-0.6.15\src\helpers.rs:403
  29:     0x7ff7c00acacb - leptos_dom::helpers::set_interval<orbit_web::components::job_list::__JobList::closure_env$2>
                               at 
C:\Users\User\.cargo\registry\src\index.crates.io-1949cf8c6b5b557f\leptos_dom-0.6.15\src\helpers.rs:361
  30:     0x7ff7c002a2d2 - orbit_web::components::job_list::__JobList
                               at C:\orbit\crates\orbit-web\src\components\job_list.rs:18
  31:     0x7ff7c0096cb1 - orbit_web::components::job_list::JobList::closure$0
                               at C:\orbit\crates\orbit-web\src\components\job_list.rs:8
  32:     0x7ff7bffe85bb - leptos_dom::components::impl$7::into_view::closure$0<orbit_web::components::job_list::JobLis
t::closure_env$0,leptos_dom::html::HtmlElement<leptos_dom::html::Div> >
                               at 
C:\Users\User\.cargo\registry\src\index.crates.io-1949cf8c6b5b557f\leptos_dom-0.6.15\src\components.rs:281
  33:     0x7ff7c0044ac8 - leptos_reactive::runtime::impl$3::untrack::closure$0<enum2$<leptos_dom::View>,leptos_dom::co
mponents::impl$7::into_view::closure_env$0<orbit_web::components::job_list::JobList::closure_env$0,leptos_dom::html::Ht
mlElement<leptos_dom::html::Div> > >
                               at 
C:\Users\User\.cargo\registry\src\index.crates.io-1949cf8c6b5b557f\leptos_reactive-0.6.15\src\runtime.rs:953
  34:     0x7ff7c003d988 - leptos_reactive::runtime::with_runtime::closure$0<enum2$<leptos_dom::View>,leptos_reactive::
runtime::impl$3::untrack::closure_env$0<enum2$<leptos_dom::View>,leptos_dom::components::impl$7::into_view::closure_env
$0<orbit_web::components::job_list::JobList::
                               at 
C:\Users\User\.cargo\registry\src\index.crates.io-1949cf8c6b5b557f\leptos_reactive-0.6.15\src\runtime.rs:700
  35:     0x7ff7c00e763c - std::thread::local::LocalKey<core::cell::RefCell<slotmap::basic::SlotMap<leptos_reactive::ru
ntime::RuntimeId,leptos_reactive::runtime::Runtime> > 
>::try_with<core::cell::RefCell<slotmap::basic::SlotMap<leptos_reactive::runtime::RuntimeId,leptos_reactive::r
                               at 
C:\Users\User\.rustup\toolchains\stable-x86_64-pc-windows-msvc\lib\rustlib\src\rust\library\std\src\thread\local.rs:315
  36:     0x7ff7c00e65ab - std::thread::local::LocalKey<core::cell::RefCell<slotmap::basic::SlotMap<leptos_reactive::ru
ntime::RuntimeId,leptos_reactive::runtime::Runtime> > 
>::with<core::cell::RefCell<slotmap::basic::SlotMap<leptos_reactive::runtime::RuntimeId,leptos_reactive::runti
                               at 
C:\Users\User\.rustup\toolchains\stable-x86_64-pc-windows-msvc\lib\rustlib\src\rust\library\std\src\thread\local.rs:279
  37:     0x7ff7bffe1b23 - leptos_reactive::runtime::with_runtime
                               at 
C:\Users\User\.cargo\registry\src\index.crates.io-1949cf8c6b5b557f\leptos_reactive-0.6.15\src\runtime.rs:695
  38:     0x7ff7bffe1b23 - leptos_reactive::runtime::RuntimeId::untrack
                               at 
C:\Users\User\.cargo\registry\src\index.crates.io-1949cf8c6b5b557f\leptos_reactive-0.6.15\src\runtime.rs:941
  39:     0x7ff7bffe1b23 - leptos_reactive::runtime::untrack_with_diagnostics
                               at 
C:\Users\User\.cargo\registry\src\index.crates.io-1949cf8c6b5b557f\leptos_reactive-0.6.15\src\runtime.rs:1527
  40:     0x7ff7bffe1b23 - leptos_dom::components::impl$7::into_view<orbit_web::components::job_list::JobList::closure_
env$0,leptos_dom::html::HtmlElement<leptos_dom::html::Div> >
                               at 
C:\Users\User\.cargo\registry\src\index.crates.io-1949cf8c6b5b557f\leptos_dom-0.6.15\src\components.rs:281
  41:     0x7ff7c0096c86 - leptos::impl$7::construct<ref$<leptos_dom::components::Component<orbit_web::components::job_
list::JobList::closure_env$0,leptos_dom::html::HtmlElement<leptos_dom::html::Div> > 
(*)()>,leptos_dom::components::Component<orbit_web::components::job_list::JobLis
                               at 
C:\Users\User\.cargo\registry\src\index.crates.io-1949cf8c6b5b557f\leptos-0.6.15\src\lib.rs:363
  42:     0x7ff7c00fa566 - leptos::component_view<tuple$<>,ref$<leptos_dom::components::Component<orbit_web::components
::job_list::JobList::closure_env$0,leptos_dom::html::HtmlElement<leptos_dom::html::Div> > (*)()> >
                               at 
C:\Users\User\.cargo\registry\src\index.crates.io-1949cf8c6b5b557f\leptos-0.6.15\src\lib.rs:349
  43:     0x7ff7c0029e48 - orbit_web::components::dashboard::__Dashboard
                               at C:\orbit\crates\orbit-web\src\components\dashboard.rs:9
  44:     0x7ff7c00a08e1 - orbit_web::components::dashboard::Dashboard::closure$0
                               at C:\orbit\crates\orbit-web\src\components\dashboard.rs:7
  45:     0x7ff7bffe83eb - leptos_dom::components::impl$7::into_view::closure$0<orbit_web::components::dashboard::Dashb
oard::closure_env$0,leptos_dom::html::HtmlElement<leptos_dom::html::Div> >
                               at 
C:\Users\User\.cargo\registry\src\index.crates.io-1949cf8c6b5b557f\leptos_dom-0.6.15\src\components.rs:281
  46:     0x7ff7c00440a8 - leptos_reactive::runtime::impl$3::untrack::closure$0<enum2$<leptos_dom::View>,leptos_dom::co
mponents::impl$7::into_view::closure_env$0<orbit_web::components::dashboard::Dashboard::closure_env$0,leptos_dom::html:
:HtmlElement<leptos_dom::html::Div> > >
                               at 
C:\Users\User\.cargo\registry\src\index.crates.io-1949cf8c6b5b557f\leptos_reactive-0.6.15\src\runtime.rs:953
  47:     0x7ff7c003c718 - leptos_reactive::runtime::with_runtime::closure$0<enum2$<leptos_dom::View>,leptos_reactive::
runtime::impl$3::untrack::closure_env$0<enum2$<leptos_dom::View>,leptos_dom::components::impl$7::into_view::closure_env
$0<orbit_web::components::dashboard::Dashboar
                               at 
C:\Users\User\.cargo\registry\src\index.crates.io-1949cf8c6b5b557f\leptos_reactive-0.6.15\src\runtime.rs:700
  48:     0x7ff7c00ebb2c - std::thread::local::LocalKey<core::cell::RefCell<slotmap::basic::SlotMap<leptos_reactive::ru
ntime::RuntimeId,leptos_reactive::runtime::Runtime> > 
>::try_with<core::cell::RefCell<slotmap::basic::SlotMap<leptos_reactive::runtime::RuntimeId,leptos_reactive::r
                               at 
C:\Users\User\.rustup\toolchains\stable-x86_64-pc-windows-msvc\lib\rustlib\src\rust\library\std\src\thread\local.rs:315
  49:     0x7ff7c00e6d8b - std::thread::local::LocalKey<core::cell::RefCell<slotmap::basic::SlotMap<leptos_reactive::ru
ntime::RuntimeId,leptos_reactive::runtime::Runtime> > 
>::with<core::cell::RefCell<slotmap::basic::SlotMap<leptos_reactive::runtime::RuntimeId,leptos_reactive::runti
                               at 
C:\Users\User\.rustup\toolchains\stable-x86_64-pc-windows-msvc\lib\rustlib\src\rust\library\std\src\thread\local.rs:279
  50:     0x7ff7bffde023 - leptos_reactive::runtime::with_runtime
                               at 
C:\Users\User\.cargo\registry\src\index.crates.io-1949cf8c6b5b557f\leptos_reactive-0.6.15\src\runtime.rs:695
  51:     0x7ff7bffde023 - leptos_reactive::runtime::RuntimeId::untrack
                               at 
C:\Users\User\.cargo\registry\src\index.crates.io-1949cf8c6b5b557f\leptos_reactive-0.6.15\src\runtime.rs:941
  52:     0x7ff7bffde023 - leptos_reactive::runtime::untrack_with_diagnostics
                               at 
C:\Users\User\.cargo\registry\src\index.crates.io-1949cf8c6b5b557f\leptos_reactive-0.6.15\src\runtime.rs:1527
  53:     0x7ff7bffde023 - leptos_dom::components::impl$7::into_view<orbit_web::components::dashboard::Dashboard::closu
re_env$0,leptos_dom::html::HtmlElement<leptos_dom::html::Div> >
                               at 
C:\Users\User\.cargo\registry\src\index.crates.io-1949cf8c6b5b557f\leptos_dom-0.6.15\src\components.rs:281
  54:     0x7ff7c002d803 - leptos_router::components::route::__Route::closure$0<leptos_dom::components::Component<orbit
_web::components::dashboard::Dashboard::closure_env$0,leptos_dom::html::HtmlElement<leptos_dom::html::Div> 
>,leptos_dom::components::Component<orbit_web::components
                               at 
C:\Users\User\.cargo\registry\src\index.crates.io-1949cf8c6b5b557f\leptos_router-0.6.15\src\components\route.rs:96
  55:     0x7ff7c0472b83 - leptos_router::components::route::impl$1::new::closure$1<leptos_router::components::routes::
route_states::closure$1::closure$4::closure_env$0,leptos_router::components::routes::route_states::closure$1::closure$4
::closure_env$1>
                               at 
C:\Users\User\.cargo\registry\src\index.crates.io-1949cf8c6b5b557f\leptos_router-0.6.15\src\components\route.rs:350
  56:     0x7ff7c0455afe - alloc::boxed::impl$30::call<tuple$<>,dyn$<core::ops::function::Fn<tuple$<>,assoc$<Output,enu
m2$<core::option::Option<enum2$<leptos_dom::View> > > > > >,alloc::alloc::Global>
                               at 
C:\Users\User\.rustup\toolchains\stable-x86_64-pc-windows-msvc\lib\rustlib\src\rust\library\alloc\src\boxed.rs:1985
  57:     0x7ff7c046f876 - leptos_router::components::route::RouteContext::outlet
                               at 
C:\Users\User\.cargo\registry\src\index.crates.io-1949cf8c6b5b557f\leptos_router-0.6.15\src\components\route.rs:443
  58:     0x7ff7c044dbdc - leptos_router::components::routes::root_route::closure$0
                               at 
C:\Users\User\.cargo\registry\src\index.crates.io-1949cf8c6b5b557f\leptos_router-0.6.15\src\components\routes.rs:513
  59:     0x7ff7c04d34aa - leptos_reactive::runtime::as_child_of_current_owner::closure$1::closure$0<leptos_router::com
ponents::route::RouteContext,enum2$<leptos_dom::View>,leptos_router::components::routes::root_route::closure_env$0>
                               at 
C:\Users\User\.cargo\registry\src\index.crates.io-1949cf8c6b5b557f\leptos_reactive-0.6.15\src\runtime.rs:777
  60:     0x7ff7c04ccaa3 - leptos_reactive::runtime::with_runtime::closure$0<tuple$<enum2$<leptos_dom::View>,leptos_rea
ctive::node::Disposer>,leptos_reactive::runtime::as_child_of_current_owner::closure$1::closure_env$0<leptos_router::com
ponents::route::RouteContext,enum2$<leptos_do
                               at 
C:\Users\User\.cargo\registry\src\index.crates.io-1949cf8c6b5b557f\leptos_reactive-0.6.15\src\runtime.rs:700
  61:     0x7ff7c04db2fa - std::thread::local::LocalKey<core::cell::RefCell<slotmap::basic::SlotMap<leptos_reactive::ru
ntime::RuntimeId,leptos_reactive::runtime::Runtime> > 
>::try_with<core::cell::RefCell<slotmap::basic::SlotMap<leptos_reactive::runtime::RuntimeId,leptos_reactive::r
                               at 
C:\Users\User\.rustup\toolchains\stable-x86_64-pc-windows-msvc\lib\rustlib\src\rust\library\std\src\thread\local.rs:315
  62:     0x7ff7c04da1c3 - std::thread::local::LocalKey<core::cell::RefCell<slotmap::basic::SlotMap<leptos_reactive::ru
ntime::RuntimeId,leptos_reactive::runtime::Runtime> > 
>::with<core::cell::RefCell<slotmap::basic::SlotMap<leptos_reactive::runtime::RuntimeId,leptos_reactive::runti
                               at 
C:\Users\User\.rustup\toolchains\stable-x86_64-pc-windows-msvc\lib\rustlib\src\rust\library\std\src\thread\local.rs:279
  63:     0x7ff7c04d1e16 - leptos_reactive::runtime::with_runtime
                               at 
C:\Users\User\.cargo\registry\src\index.crates.io-1949cf8c6b5b557f\leptos_reactive-0.6.15\src\runtime.rs:695
  64:     0x7ff7c04d1e16 - leptos_reactive::runtime::as_child_of_current_owner::closure$1<leptos_router::components::ro
ute::RouteContext,enum2$<leptos_dom::View>,leptos_router::components::routes::root_route::closure_env$0>
                               at 
C:\Users\User\.cargo\registry\src\index.crates.io-1949cf8c6b5b557f\leptos_reactive-0.6.15\src\runtime.rs:759
  65:     0x7ff7c044e274 - leptos_router::components::routes::root_route::closure$1::closure$0::closure$0
                               at 
C:\Users\User\.cargo\registry\src\index.crates.io-1949cf8c6b5b557f\leptos_router-0.6.15\src\components\routes.rs:536
  66:     0x7ff7c0464bfd - enum2$<core::option::Option<ref$<ref$<leptos_router::components::route::RouteContext> > > 
>::map<ref$<ref$<leptos_router::components::route::RouteContext> 
>,enum2$<leptos_dom::View>,leptos_router::components::routes::root_route::closure$1::closure$0::closu
                               at 
C:\Users\User\.rustup\toolchains\stable-x86_64-pc-windows-msvc\lib\rustlib\src\rust\library\core\src\option.rs:1158
  67:     0x7ff7c044dff5 - leptos_router::components::routes::root_route::closure$1::closure$0
                               at 
C:\Users\User\.cargo\registry\src\index.crates.io-1949cf8c6b5b557f\leptos_router-0.6.15\src\components\routes.rs:532
  68:     0x7ff7c04efb2d - leptos_reactive::memo::forward_ref_to::closure$0<leptos_router::components::routes::RouterSt
ate,enum2$<core::option::Option<enum2$<leptos_dom::View> > 
>,leptos_router::components::routes::root_route::closure$1::closure_env$0>
                               at 
C:\Users\User\.cargo\registry\src\index.crates.io-1949cf8c6b5b557f\leptos_reactive-0.6.15\src\memo.rs:398
  69:     0x7ff7c05103bc - leptos_reactive::node::NodeId::try_with_no_subscription
                               at 
C:\Users\User\.cargo\registry\src\index.crates.io-1949cf8c6b5b557f\leptos_reactive-0.6.15\src\signal.rs:2045
  70:     0x7ff7c05103bc - leptos_reactive::memo::impl$9::try_with::closure$0<leptos_router::components::routes::Router
State,enum2$<core::option::Option<enum2$<leptos_dom::View> > 
>,leptos_router::components::routes::root_route::closure$1::closure_env$0>
                               at 
C:\Users\User\.cargo\registry\src\index.crates.io-1949cf8c6b5b557f\leptos_reactive-0.6.15\src\memo.rs:618
  71:     0x7ff7c04cbcaa - leptos_reactive::runtime::with_runtime::closure$0<enum2$<core::option::Option<enum2$<core::o
ption::Option<enum2$<leptos_dom::View> > > > 
>,leptos_reactive::memo::impl$9::try_with::closure_env$0<leptos_router::components::routes::RouterState,enum2$<core::op
                               at 
C:\Users\User\.cargo\registry\src\index.crates.io-1949cf8c6b5b557f\leptos_reactive-0.6.15\src\runtime.rs:700
  72:     0x7ff7c04ddc57 - std::thread::local::LocalKey<core::cell::RefCell<slotmap::basic::SlotMap<leptos_reactive::ru
ntime::RuntimeId,leptos_reactive::runtime::Runtime> > 
>::try_with<core::cell::RefCell<slotmap::basic::SlotMap<leptos_reactive::runtime::RuntimeId,leptos_reactive::r
                               at 
C:\Users\User\.rustup\toolchains\stable-x86_64-pc-windows-msvc\lib\rustlib\src\rust\library\std\src\thread\local.rs:315
  73:     0x7ff7c04da653 - std::thread::local::LocalKey<core::cell::RefCell<slotmap::basic::SlotMap<leptos_reactive::ru
ntime::RuntimeId,leptos_reactive::runtime::Runtime> > 
>::with<core::cell::RefCell<slotmap::basic::SlotMap<leptos_reactive::runtime::RuntimeId,leptos_reactive::runti
                               at 
C:\Users\User\.rustup\toolchains\stable-x86_64-pc-windows-msvc\lib\rustlib\src\rust\library\std\src\thread\local.rs:279
  74:     0x7ff7c0502b57 - leptos_reactive::runtime::with_runtime
                               at 
C:\Users\User\.cargo\registry\src\index.crates.io-1949cf8c6b5b557f\leptos_reactive-0.6.15\src\runtime.rs:695
  75:     0x7ff7c0502b57 - leptos_reactive::memo::impl$9::try_with<leptos_router::components::routes::RouterState,enum2
$<core::option::Option<enum2$<leptos_dom::View> > 
>,leptos_router::components::routes::root_route::closure$1::closure_env$0>
                               at 
C:\Users\User\.cargo\registry\src\index.crates.io-1949cf8c6b5b557f\leptos_reactive-0.6.15\src\memo.rs:615
  76:     0x7ff7c04f5c67 - leptos_reactive::memo::impl$9::with<leptos_router::components::routes::RouterState,enum2$<co
re::option::Option<enum2$<leptos_dom::View> > 
>,leptos_router::components::routes::root_route::closure$1::closure_env$0>
                               at 
C:\Users\User\.cargo\registry\src\index.crates.io-1949cf8c6b5b557f\leptos_reactive-0.6.15\src\memo.rs:589
  77:     0x7ff7c044dd4d - leptos_router::components::routes::root_route::closure$1
                               at 
C:\Users\User\.cargo\registry\src\index.crates.io-1949cf8c6b5b557f\leptos_router-0.6.15\src\components\routes.rs:519
  78:     0x7ff7c04ef365 - 
leptos_reactive::memo::create_memo::closure$0<enum2$<core::option::Option<enum2$<leptos_dom::View> > 
>,leptos_router::components::routes::root_route::closure_env$1>
                               at 
C:\Users\User\.cargo\registry\src\index.crates.io-1949cf8c6b5b557f\leptos_reactive-0.6.15\src\memo.rs:90
  79:     0x7ff7c04ebbe9 - leptos_reactive::memo::impl$12::run<enum2$<core::option::Option<enum2$<leptos_dom::View> > 
>,leptos_reactive::memo::create_memo::closure_env$0<enum2$<core::option::Option<enum2$<leptos_dom::View> > 
>,leptos_router::components::routes::root_route::closure_e
                               at 
C:\Users\User\.cargo\registry\src\index.crates.io-1949cf8c6b5b557f\leptos_reactive-0.6.15\src\memo.rs:700
  80:     0x7ff7c0bde198 - leptos_reactive::runtime::impl$1::update::closure$0
                               at 
C:\Users\User\.cargo\registry\src\index.crates.io-1949cf8c6b5b557f\leptos_reactive-0.6.15\src\runtime.rs:212
  81:     0x7ff7c0bdf516 - 
leptos_reactive::runtime::Runtime::with_observer<bool,leptos_reactive::runtime::impl$1::update::closure_env$0>
                               at 
C:\Users\User\.cargo\registry\src\index.crates.io-1949cf8c6b5b557f\leptos_reactive-0.6.15\src\runtime.rs:334
  82:     0x7ff7c0bddd7f - leptos_reactive::runtime::Runtime::update
                               at 
C:\Users\User\.cargo\registry\src\index.crates.io-1949cf8c6b5b557f\leptos_reactive-0.6.15\src\runtime.rs:208
  83:     0x7ff7c0bdd9db - leptos_reactive::runtime::Runtime::update_if_necessary
                               at 
C:\Users\User\.cargo\registry\src\index.crates.io-1949cf8c6b5b557f\leptos_reactive-0.6.15\src\runtime.rs:186
  84:     0x7ff7c0bdbea5 - leptos_reactive::node::NodeId::try_with_no_subscription_inner
                               at 
C:\Users\User\.cargo\registry\src\index.crates.io-1949cf8c6b5b557f\leptos_reactive-0.6.15\src\signal.rs:2011
  85:     0x7ff7c050ef1b - leptos_reactive::node::NodeId::try_with_no_subscription
                               at 
C:\Users\User\.cargo\registry\src\index.crates.io-1949cf8c6b5b557f\leptos_reactive-0.6.15\src\signal.rs:2039
  86:     0x7ff7c050ef1b - 
leptos_reactive::memo::impl$9::try_with::closure$0<enum2$<core::option::Option<enum2$<leptos_dom::View> > 
>,enum2$<core::option::Option<enum2$<leptos_dom::View> > >,enum2$<core::option::Option<enum2$<leptos_dom::View> > > 
(*)(ref$<enum2$<core::option::Opti
                               at 
C:\Users\User\.cargo\registry\src\index.crates.io-1949cf8c6b5b557f\leptos_reactive-0.6.15\src\memo.rs:618
  87:     0x7ff7c04cde60 - leptos_reactive::runtime::with_runtime::closure$0<enum2$<core::option::Option<enum2$<core::o
ption::Option<enum2$<leptos_dom::View> > > > 
>,leptos_reactive::memo::impl$9::try_with::closure_env$0<enum2$<core::option::Option<enum2$<leptos_dom::View> > >,enum2
                               at 
C:\Users\User\.cargo\registry\src\index.crates.io-1949cf8c6b5b557f\leptos_reactive-0.6.15\src\runtime.rs:700
  88:     0x7ff7c04de0bb - std::thread::local::LocalKey<core::cell::RefCell<slotmap::basic::SlotMap<leptos_reactive::ru
ntime::RuntimeId,leptos_reactive::runtime::Runtime> > 
>::try_with<core::cell::RefCell<slotmap::basic::SlotMap<leptos_reactive::runtime::RuntimeId,leptos_reactive::r
                               at 
C:\Users\User\.rustup\toolchains\stable-x86_64-pc-windows-msvc\lib\rustlib\src\rust\library\std\src\thread\local.rs:315
  89:     0x7ff7c04da153 - std::thread::local::LocalKey<core::cell::RefCell<slotmap::basic::SlotMap<leptos_reactive::ru
ntime::RuntimeId,leptos_reactive::runtime::Runtime> > 
>::with<core::cell::RefCell<slotmap::basic::SlotMap<leptos_reactive::runtime::RuntimeId,leptos_reactive::runti
                               at 
C:\Users\User\.rustup\toolchains\stable-x86_64-pc-windows-msvc\lib\rustlib\src\rust\library\std\src\thread\local.rs:279
  90:     0x7ff7c050a045 - leptos_reactive::runtime::with_runtime
                               at 
C:\Users\User\.cargo\registry\src\index.crates.io-1949cf8c6b5b557f\leptos_reactive-0.6.15\src\runtime.rs:695
  91:     0x7ff7c050a045 - 
leptos_reactive::memo::impl$9::try_with<enum2$<core::option::Option<enum2$<leptos_dom::View> > 
>,enum2$<core::option::Option<enum2$<leptos_dom::View> > >,enum2$<core::option::Option<enum2$<leptos_dom::View> > > 
(*)(ref$<enum2$<core::option::Option<enum2$<l
                               at 
C:\Users\User\.cargo\registry\src\index.crates.io-1949cf8c6b5b557f\leptos_reactive-0.6.15\src\memo.rs:615
  92:     0x7ff7c04f95e9 - leptos_reactive::memo::impl$9::with<enum2$<core::option::Option<enum2$<leptos_dom::View> > 
>,enum2$<core::option::Option<enum2$<leptos_dom::View> > >,enum2$<core::option::Option<enum2$<leptos_dom::View> > > 
(*)(ref$<enum2$<core::option::Option<enum2$<lepto
                               at 
C:\Users\User\.cargo\registry\src\index.crates.io-1949cf8c6b5b557f\leptos_reactive-0.6.15\src\memo.rs:589
  93:     0x7ff7c045e9e7 - leptos_reactive::memo::impl$8::get
                               at 
C:\Users\User\.cargo\registry\src\index.crates.io-1949cf8c6b5b557f\leptos_reactive-0.6.15\src\memo.rs:548
  94:     0x7ff7c045e9e7 - 
leptos_reactive::signal_wrappers_read::impl$9::get<enum2$<core::option::Option<enum2$<leptos_dom::View> > > >
                               at C:\Users\User\.cargo\registry\src\index.crates.io-1949cf8c6b5b557f\leptos_reactive-0.
6.15\src\signal_wrappers_read.rs:312
  95:     0x7ff7c045125d - leptos_router::components::routes::__Routes::closure$3
                               at 
C:\Users\User\.cargo\registry\src\index.crates.io-1949cf8c6b5b557f\leptos_router-0.6.15\src\components\routes.rs:112
  96:     0x7ff7c0483883 - leptos_dom::components::dyn_child::impl$3::into_view::closure$0<leptos_router::components::r
outes::__Routes::closure_env$3,enum2$<core::option::Option<enum2$<leptos_dom::View> > > >
                               at 
C:\Users\User\.cargo\registry\src\index.crates.io-1949cf8c6b5b557f\leptos_dom-0.6.15\src\components\dyn_child.rs:399
  97:     0x7ff7c09be58e - 
alloc::boxed::impl$30::call<tuple$<>,dyn$<core::ops::function::Fn<tuple$<>,assoc$<Output,enum2$<leptos_dom::View> > > 
>,alloc::alloc::Global>
                               at 
C:\Users\User\.rustup\toolchains\stable-x86_64-pc-windows-msvc\lib\rustlib\src\rust\library\alloc\src\boxed.rs:1985
  98:     0x7ff7c0991f92 - leptos_dom::components::dyn_child::impl$3::into_view::create_dyn_view
                               at 
C:\Users\User\.cargo\registry\src\index.crates.io-1949cf8c6b5b557f\leptos_dom-0.6.15\src\components\dyn_child.rs:385
  99:     0x7ff7c0483640 - leptos_dom::components::dyn_child::impl$3::into_view<leptos_router::components::routes::__Ro
utes::closure_env$3,enum2$<core::option::Option<enum2$<leptos_dom::View> > > >
                               at 
C:\Users\User\.cargo\registry\src\index.crates.io-1949cf8c6b5b557f\leptos_dom-0.6.15\src\components\dyn_child.rs:397
 100:     0x7ff7c0450d2d - leptos_router::components::routes::__Routes
                               at 
C:\Users\User\.cargo\registry\src\index.crates.io-1949cf8c6b5b557f\leptos_router-0.6.15\src\components\routes.rs:113
 101:     0x7ff7c0450104 - leptos_router::components::routes::Routes::closure$0
                               at 
C:\Users\User\.cargo\registry\src\index.crates.io-1949cf8c6b5b557f\leptos_router-0.6.15\src\components\routes.rs:73
 102:     0x7ff7c0482d06 - leptos_dom::components::impl$7::into_view::closure$0<leptos_router::components::routes::Rout
es::closure_env$0,enum2$<leptos_dom::View> >
                               at 
C:\Users\User\.cargo\registry\src\index.crates.io-1949cf8c6b5b557f\leptos_dom-0.6.15\src\components.rs:281
 103:     0x7ff7c04d481f - leptos_reactive::runtime::impl$3::untrack::closure$0<enum2$<leptos_dom::View>,leptos_dom::co
mponents::impl$7::into_view::closure_env$0<leptos_router::components::routes::Routes::closure_env$0,enum2$<leptos_dom::
View> > >
                               at 
C:\Users\User\.cargo\registry\src\index.crates.io-1949cf8c6b5b557f\leptos_reactive-0.6.15\src\runtime.rs:953
 104:     0x7ff7c04ca86f - leptos_reactive::runtime::with_runtime::closure$0<enum2$<leptos_dom::View>,leptos_reactive::
runtime::impl$3::untrack::closure_env$0<enum2$<leptos_dom::View>,leptos_dom::components::impl$7::into_view::closure_env
$0<leptos_router::components::routes::Routes:
                               at 
C:\Users\User\.cargo\registry\src\index.crates.io-1949cf8c6b5b557f\leptos_reactive-0.6.15\src\runtime.rs:700
 105:     0x7ff7c04db555 - std::thread::local::LocalKey<core::cell::RefCell<slotmap::basic::SlotMap<leptos_reactive::ru
ntime::RuntimeId,leptos_reactive::runtime::Runtime> > 
>::try_with<core::cell::RefCell<slotmap::basic::SlotMap<leptos_reactive::runtime::RuntimeId,leptos_reactive::r
                               at 
C:\Users\User\.rustup\toolchains\stable-x86_64-pc-windows-msvc\lib\rustlib\src\rust\library\std\src\thread\local.rs:315
 106:     0x7ff7c04da8d3 - std::thread::local::LocalKey<core::cell::RefCell<slotmap::basic::SlotMap<leptos_reactive::ru
ntime::RuntimeId,leptos_reactive::runtime::Runtime> > 
>::with<core::cell::RefCell<slotmap::basic::SlotMap<leptos_reactive::runtime::RuntimeId,leptos_reactive::runti
                               at 
C:\Users\User\.rustup\toolchains\stable-x86_64-pc-windows-msvc\lib\rustlib\src\rust\library\std\src\thread\local.rs:279
 107:     0x7ff7c047c32a - leptos_reactive::runtime::with_runtime
                               at 
C:\Users\User\.cargo\registry\src\index.crates.io-1949cf8c6b5b557f\leptos_reactive-0.6.15\src\runtime.rs:695
 108:     0x7ff7c047c32a - leptos_reactive::runtime::RuntimeId::untrack
                               at 
C:\Users\User\.cargo\registry\src\index.crates.io-1949cf8c6b5b557f\leptos_reactive-0.6.15\src\runtime.rs:941
 109:     0x7ff7c047c32a - leptos_reactive::runtime::untrack_with_diagnostics
                               at 
C:\Users\User\.cargo\registry\src\index.crates.io-1949cf8c6b5b557f\leptos_reactive-0.6.15\src\runtime.rs:1527
 110:     0x7ff7c047c32a - leptos_dom::components::impl$7::into_view<leptos_router::components::routes::Routes::closure
_env$0,enum2$<leptos_dom::View> >
                               at 
C:\Users\User\.cargo\registry\src\index.crates.io-1949cf8c6b5b557f\leptos_dom-0.6.15\src\components.rs:281
 111:     0x7ff7c014acdb - leptos::impl$8::construct<ref$<leptos_dom::components::Component<leptos_router::components::
routes::Routes::closure_env$0,enum2$<leptos_dom::View> > 
(*)(leptos_router::components::routes::RoutesProps)>,leptos_dom::components::Component<leptos_router::compo
                               at 
C:\Users\User\.cargo\registry\src\index.crates.io-1949cf8c6b5b557f\leptos-0.6.15\src\lib.rs:374
 112:     0x7ff7c00fa636 - leptos::component_view<leptos_router::components::routes::RoutesProps,ref$<leptos_dom::compo
nents::Component<leptos_router::components::routes::Routes::closure_env$0,enum2$<leptos_dom::View> > 
(*)(leptos_router::components::routes::RoutesProps)> >
                               at 
C:\Users\User\.cargo\registry\src\index.crates.io-1949cf8c6b5b557f\leptos-0.6.15\src\lib.rs:349
 113:     0x7ff7c00895e6 - orbit_web::app::__App::closure$0::closure$0::closure$0
                               at C:\orbit\crates\orbit-web\src\app.rs:13
 114:     0x7ff7c0088fe4 - leptos_dom::components::fragment::Fragment::lazy
                               at 
C:\Users\User\.cargo\registry\src\index.crates.io-1949cf8c6b5b557f\leptos_dom-0.6.15\src\components\fragment.rs:75
 115:     0x7ff7c0088fe4 - orbit_web::app::__App::closure$0::closure$0
                               at C:\orbit\crates\orbit-web\src\app.rs:13
 116:     0x7ff7bffa7f42 - 
core::ops::function::FnOnce::call_once<orbit_web::app::__App::closure$0::closure_env$0,tuple$<> >
                               at C:\Users\User\.rustup\toolchains\stable-x86_64-pc-windows-msvc\lib\rustlib\src\rust\l
ibrary\core\src\ops\function.rs:253
 117:     0x7ff7bffa3656 - 
core::ops::function::FnOnce::call_once<orbit_web::app::__App::closure$0::closure_env$0,tuple$<> >
                               at C:\Users\User\.rustup\toolchains\stable-x86_64-pc-windows-msvc\lib\rustlib\src\rust\l
ibrary\core\src\ops\function.rs:253
 118:     0x7ff7c053adb7 - alloc::boxed::impl$28::call_once<tuple$<>,dyn$<core::ops::function::FnOnce<tuple$<>,assoc$<O
utput,leptos_dom::components::fragment::Fragment> > >,alloc::alloc::Global>
                               at 
C:\Users\User\.rustup\toolchains\stable-x86_64-pc-windows-msvc\lib\rustlib\src\rust\library\alloc\src\boxed.rs:1971
 119:     0x7ff7c04882f7 - leptos_router::components::router::__Router
                               at 
C:\Users\User\.cargo\registry\src\index.crates.io-1949cf8c6b5b557f\leptos_router-0.6.15\src\components\router.rs:90
 120:     0x7ff7c0487ee9 - leptos_router::components::router::Router::closure$0
                               at 
C:\Users\User\.cargo\registry\src\index.crates.io-1949cf8c6b5b557f\leptos_router-0.6.15\src\components\router.rs:25
 121:     0x7ff7c0482c66 - leptos_dom::components::impl$7::into_view::closure$0<leptos_router::components::router::Rout
er::closure_env$0,leptos_dom::components::fragment::Fragment>
                               at 
C:\Users\User\.cargo\registry\src\index.crates.io-1949cf8c6b5b557f\leptos_dom-0.6.15\src\components.rs:281
 122:     0x7ff7c04d4a70 - leptos_reactive::runtime::impl$3::untrack::closure$0<enum2$<leptos_dom::View>,leptos_dom::co
mponents::impl$7::into_view::closure_env$0<leptos_router::components::router::Router::closure_env$0,leptos_dom::compone
nts::fragment::Fragment> >
                               at 
C:\Users\User\.cargo\registry\src\index.crates.io-1949cf8c6b5b557f\leptos_reactive-0.6.15\src\runtime.rs:953
 123:     0x7ff7c04ce0c0 - leptos_reactive::runtime::with_runtime::closure$0<enum2$<leptos_dom::View>,leptos_reactive::
runtime::impl$3::untrack::closure_env$0<enum2$<leptos_dom::View>,leptos_dom::components::impl$7::into_view::closure_env
$0<leptos_router::components::router::Router:
                               at 
C:\Users\User\.cargo\registry\src\index.crates.io-1949cf8c6b5b557f\leptos_reactive-0.6.15\src\runtime.rs:700
 124:     0x7ff7c04dc669 - std::thread::local::LocalKey<core::cell::RefCell<slotmap::basic::SlotMap<leptos_reactive::ru
ntime::RuntimeId,leptos_reactive::runtime::Runtime> > 
>::try_with<core::cell::RefCell<slotmap::basic::SlotMap<leptos_reactive::runtime::RuntimeId,leptos_reactive::r
                               at 
C:\Users\User\.rustup\toolchains\stable-x86_64-pc-windows-msvc\lib\rustlib\src\rust\library\std\src\thread\local.rs:315
 125:     0x7ff7c04d96a3 - std::thread::local::LocalKey<core::cell::RefCell<slotmap::basic::SlotMap<leptos_reactive::ru
ntime::RuntimeId,leptos_reactive::runtime::Runtime> > 
>::with<core::cell::RefCell<slotmap::basic::SlotMap<leptos_reactive::runtime::RuntimeId,leptos_reactive::runti
                               at 
C:\Users\User\.rustup\toolchains\stable-x86_64-pc-windows-msvc\lib\rustlib\src\rust\library\std\src\thread\local.rs:279
 126:     0x7ff7c0481d0b - leptos_reactive::runtime::with_runtime
                               at 
C:\Users\User\.cargo\registry\src\index.crates.io-1949cf8c6b5b557f\leptos_reactive-0.6.15\src\runtime.rs:695
 127:     0x7ff7c0481d0b - leptos_reactive::runtime::RuntimeId::untrack
                               at 
C:\Users\User\.cargo\registry\src\index.crates.io-1949cf8c6b5b557f\leptos_reactive-0.6.15\src\runtime.rs:941
 128:     0x7ff7c0481d0b - leptos_reactive::runtime::untrack_with_diagnostics
                               at 
C:\Users\User\.cargo\registry\src\index.crates.io-1949cf8c6b5b557f\leptos_reactive-0.6.15\src\runtime.rs:1527
 129:     0x7ff7c0481d0b - leptos_dom::components::impl$7::into_view<leptos_router::components::router::Router::closure
_env$0,leptos_dom::components::fragment::Fragment>
                               at 
C:\Users\User\.cargo\registry\src\index.crates.io-1949cf8c6b5b557f\leptos_dom-0.6.15\src\components.rs:281
 130:     0x7ff7c018acfb - leptos::impl$8::construct<ref$<leptos_dom::components::Component<leptos_router::components::
router::Router::closure_env$0,leptos_dom::components::fragment::Fragment> 
(*)(leptos_router::components::router::RouterProps)>,leptos_dom::components::Component<lep
                               at 
C:\Users\User\.cargo\registry\src\index.crates.io-1949cf8c6b5b557f\leptos-0.6.15\src\lib.rs:374
 131:     0x7ff7c00fa5b6 - leptos::component_view<leptos_router::components::router::RouterProps,ref$<leptos_dom::compo
nents::Component<leptos_router::components::router::Router::closure_env$0,leptos_dom::components::fragment::Fragment> 
(*)(leptos_router::components::router::RouterP
                               at 
C:\Users\User\.cargo\registry\src\index.crates.io-1949cf8c6b5b557f\leptos-0.6.15\src\lib.rs:349
 132:     0x7ff7c0088d4d - orbit_web::app::__App::closure$0
                               at C:\orbit\crates\orbit-web\src\app.rs:13
 133:     0x7ff7bffe8695 - leptos_dom::components::fragment::Fragment::lazy
                               at 
C:\Users\User\.cargo\registry\src\index.crates.io-1949cf8c6b5b557f\leptos_dom-0.6.15\src\components\fragment.rs:75
 134:     0x7ff7bffe8695 - orbit_web::app::__App
                               at C:\orbit\crates\orbit-web\src\app.rs:13
 135:     0x7ff7c0088a41 - orbit_web::app::App::closure$0
                               at C:\orbit\crates\orbit-web\src\app.rs:9
 136:     0x7ff7bffe85fb - leptos_dom::components::impl$7::into_view::closure$0<orbit_web::app::App::closure_env$0,lept
os_dom::components::fragment::Fragment>
                               at 
C:\Users\User\.cargo\registry\src\index.crates.io-1949cf8c6b5b557f\leptos_dom-0.6.15\src\components.rs:281
 137:     0x7ff7c00444c8 - leptos_reactive::runtime::impl$3::untrack::closure$0<enum2$<leptos_dom::View>,leptos_dom::co
mponents::impl$7::into_view::closure_env$0<orbit_web::app::App::closure_env$0,leptos_dom::components::fragment::Fragmen
t> >
                               at 
C:\Users\User\.cargo\registry\src\index.crates.io-1949cf8c6b5b557f\leptos_reactive-0.6.15\src\runtime.rs:953
 138:     0x7ff7c003e788 - leptos_reactive::runtime::with_runtime::closure$0<enum2$<leptos_dom::View>,leptos_reactive::
runtime::impl$3::untrack::closure_env$0<enum2$<leptos_dom::View>,leptos_dom::components::impl$7::into_view::closure_env
$0<orbit_web::app::App::closure_env$0,leptos_
                               at 
C:\Users\User\.cargo\registry\src\index.crates.io-1949cf8c6b5b557f\leptos_reactive-0.6.15\src\runtime.rs:700
 139:     0x7ff7c00e9aac - std::thread::local::LocalKey<core::cell::RefCell<slotmap::basic::SlotMap<leptos_reactive::ru
ntime::RuntimeId,leptos_reactive::runtime::Runtime> > 
>::try_with<core::cell::RefCell<slotmap::basic::SlotMap<leptos_reactive::runtime::RuntimeId,leptos_reactive::r
                               at 
C:\Users\User\.rustup\toolchains\stable-x86_64-pc-windows-msvc\lib\rustlib\src\rust\library\std\src\thread\local.rs:315
 140:     0x7ff7c00e607b - std::thread::local::LocalKey<core::cell::RefCell<slotmap::basic::SlotMap<leptos_reactive::ru
ntime::RuntimeId,leptos_reactive::runtime::Runtime> > 
>::with<core::cell::RefCell<slotmap::basic::SlotMap<leptos_reactive::runtime::RuntimeId,leptos_reactive::runti
                               at 
C:\Users\User\.rustup\toolchains\stable-x86_64-pc-windows-msvc\lib\rustlib\src\rust\library\std\src\thread\local.rs:279
 141:     0x7ff7bffe74c3 - leptos_reactive::runtime::with_runtime
                               at 
C:\Users\User\.cargo\registry\src\index.crates.io-1949cf8c6b5b557f\leptos_reactive-0.6.15\src\runtime.rs:695
 142:     0x7ff7bffe74c3 - leptos_reactive::runtime::RuntimeId::untrack
                               at 
C:\Users\User\.cargo\registry\src\index.crates.io-1949cf8c6b5b557f\leptos_reactive-0.6.15\src\runtime.rs:941
 143:     0x7ff7bffe74c3 - leptos_reactive::runtime::untrack_with_diagnostics
                               at 
C:\Users\User\.cargo\registry\src\index.crates.io-1949cf8c6b5b557f\leptos_reactive-0.6.15\src\runtime.rs:1527
 144:     0x7ff7bffe74c3 - leptos_dom::components::impl$7::into_view<orbit_web::app::App::closure_env$0,leptos_dom::com
ponents::fragment::Fragment>
                               at 
C:\Users\User\.cargo\registry\src\index.crates.io-1949cf8c6b5b557f\leptos_dom-0.6.15\src\components.rs:281
 145:     0x7ff7bfc85b83 - leptos_router::extract_routes::get_branches<leptos_dom::components::Component<orbit_web::app
::App::closure_env$0,leptos_dom::components::fragment::Fragment>,leptos_dom::components::Component<orbit_web::app::App:
:closure_env$0,leptos_dom::components::fragme
                               at 
C:\Users\User\.cargo\registry\src\index.crates.io-1949cf8c6b5b557f\leptos_router-0.6.15\src\extract_routes.rs:200
 146:     0x7ff7bfc85cab - leptos_router::extract_routes::generate_route_list_inner_with_context<leptos_dom::components
::Component<orbit_web::app::App::closure_env$0,leptos_dom::components::fragment::Fragment>,leptos_dom::components::Comp
onent<orbit_web::app::App::closure_env$0,lept
                               at 
C:\Users\User\.cargo\registry\src\index.crates.io-1949cf8c6b5b557f\leptos_router-0.6.15\src\extract_routes.rs:137
 147:     0x7ff7bfcb2e1c - leptos_axum::generate_route_list_with_exclusions_and_ssg_and_context<leptos_dom::components:
:Component<orbit_web::app::App::closure_env$0,leptos_dom::components::fragment::Fragment>,leptos_dom::components::Compo
nent<orbit_web::app::App::closure_env$0,lepto
                               at 
C:\Users\User\.cargo\registry\src\index.crates.io-1949cf8c6b5b557f\leptos_axum-0.6.15\src\lib.rs:1314
 148:     0x7ff7bfcb2396 - leptos_axum::generate_route_list_with_exclusions_and_ssg<leptos_dom::components::Component<o
rbit_web::app::App::closure_env$0,leptos_dom::components::fragment::Fragment>,leptos_dom::components::Component<orbit_w
eb::app::App::closure_env$0,leptos_dom::compo
                               at 
C:\Users\User\.cargo\registry\src\index.crates.io-1949cf8c6b5b557f\leptos_axum-0.6.15\src\lib.rs:1292
 149:     0x7ff7bfcb18c6 - leptos_axum::generate_route_list<leptos_dom::components::Component<orbit_web::app::App::clos
ure_env$0,leptos_dom::components::fragment::Fragment>,leptos_dom::components::Component<orbit_web::app::App::closure_en
v$0,leptos_dom::components::fragment::Fragmen
                               at 
C:\Users\User\.cargo\registry\src\index.crates.io-1949cf8c6b5b557f\leptos_axum-0.6.15\src\lib.rs:1226
 150:     0x7ff7bfcc277e - orbit_web::server::start_server::async_fn$0
                               at C:\orbit\crates\orbit-web\src\server.rs:55
 151:     0x7ff7bfca5caa - tokio::runtime::task::core::impl$6::poll::closure$0<enum2$<orbit_web::server::start_server::
async_fn_env$0>,alloc::sync::Arc<tokio::runtime::scheduler::current_thread::Handle,alloc::alloc::Global> >
                               at 
C:\Users\User\.cargo\registry\src\index.crates.io-1949cf8c6b5b557f\tokio-1.48.0\src\runtime\task\core.rs:365
 152:     0x7ff7bfca55e8 - tokio::loom::std::unsafe_cell::UnsafeCell<enum2$<tokio::runtime::task::core::Stage<enum2$<or
bit_web::server::start_server::async_fn_env$0> > > >::with_mut
                               at 
C:\Users\User\.cargo\registry\src\index.crates.io-1949cf8c6b5b557f\tokio-1.48.0\src\loom\std\unsafe_cell.rs:16
 153:     0x7ff7bfca55e8 - tokio::runtime::task::core::Core<enum2$<orbit_web::server::start_server::async_fn_env$0>,all
oc::sync::Arc<tokio::runtime::scheduler::current_thread::Handle,alloc::alloc::Global> 
>::poll<enum2$<orbit_web::server::start_server::async_fn_env$0>,alloc::sync::A
                               at 
C:\Users\User\.cargo\registry\src\index.crates.io-1949cf8c6b5b557f\tokio-1.48.0\src\runtime\task\core.rs:354
 154:     0x7ff7bfc93e42 - tokio::runtime::task::harness::poll_future::closure$0<enum2$<orbit_web::server::start_server
::async_fn_env$0>,alloc::sync::Arc<tokio::runtime::scheduler::current_thread::Handle,alloc::alloc::Global> >
                               at 
C:\Users\User\.cargo\registry\src\index.crates.io-1949cf8c6b5b557f\tokio-1.48.0\src\runtime\task\harness.rs:535
 155:     0x7ff7bfcc83d8 - core::panic::unwind_safe::impl$25::call_once<enum2$<core::task::poll::Poll<enum2$<core::resu
lt::Result<tuple$<>,anyhow::Error> > > >,tokio::runtime::task::harness::poll_future::closure_env$0<enum2$<orbit_web::se
rver::start_server::async_fn_env$0>,alloc::sy
                               at C:\Users\User\.rustup\toolchains\stable-x86_64-pc-windows-msvc\lib\rustlib\src\rust\l
ibrary\core\src\panic\unwind_safe.rs:272
 156:     0x7ff7bfca71f5 - std::panicking::catch_unwind::do_call<core::panic::unwind_safe::AssertUnwindSafe<tokio::runt
ime::task::harness::poll_future::closure_env$0<enum2$<orbit_web::server::start_server::async_fn_env$0>,alloc::sync::Arc
<tokio::runtime::scheduler::current_thread::H
                               at 
C:\Users\User\.rustup\toolchains\stable-x86_64-pc-windows-msvc\lib\rustlib\src\rust\library\std\src\panicking.rs:589
 157:     0x7ff7bfca3233 - std::panic::catch_unwind<core::panic::unwind_safe::AssertUnwindSafe<tokio::runtime::task::ha
rness::poll_future::closure_env$1<enum2$<orbit_web::server::start_server::async_fn_env$0>,alloc::sync::Arc<tokio::runti
me::scheduler::current_thread::Handle,alloc::
 158:     0x7ff7bfca2d3b - std::panicking::catch_unwind
                               at 
C:\Users\User\.rustup\toolchains\stable-x86_64-pc-windows-msvc\lib\rustlib\src\rust\library\std\src\panicking.rs:552
 159:     0x7ff7bfca2d3b - std::panic::catch_unwind<core::panic::unwind_safe::AssertUnwindSafe<tokio::runtime::task::ha
rness::poll_future::closure_env$0<enum2$<orbit_web::server::start_server::async_fn_env$0>,alloc::sync::Arc<tokio::runti
me::scheduler::current_thread::Handle,alloc::
                               at 
C:\Users\User\.rustup\toolchains\stable-x86_64-pc-windows-msvc\lib\rustlib\src\rust\library\std\src\panic.rs:359
 160:     0x7ff7bfc93629 - tokio::runtime::task::harness::poll_future<enum2$<orbit_web::server::start_server::async_fn_
env$0>,alloc::sync::Arc<tokio::runtime::scheduler::current_thread::Handle,alloc::alloc::Global> >
                               at 
C:\Users\User\.cargo\registry\src\index.crates.io-1949cf8c6b5b557f\tokio-1.48.0\src\runtime\task\harness.rs:523
 161:     0x7ff7bfc94691 - tokio::runtime::task::harness::Harness<enum2$<orbit_web::server::start_server::async_fn_env$
0>,alloc::sync::Arc<tokio::runtime::scheduler::current_thread::Handle,alloc::alloc::Global> 
>::poll_inner<enum2$<orbit_web::server::start_server::async_fn_env$0>,al
                               at 
C:\Users\User\.cargo\registry\src\index.crates.io-1949cf8c6b5b557f\tokio-1.48.0\src\runtime\task\harness.rs:210
 162:     0x7ff7bfc94fd3 - tokio::runtime::task::harness::Harness<enum2$<orbit_web::server::start_server::async_fn_env$
0>,alloc::sync::Arc<tokio::runtime::scheduler::current_thread::Handle,alloc::alloc::Global> 
>::poll<enum2$<orbit_web::server::start_server::async_fn_env$0>,alloc::s
                               at 
C:\Users\User\.cargo\registry\src\index.crates.io-1949cf8c6b5b557f\tokio-1.48.0\src\runtime\task\harness.rs:155
 163:     0x7ff7bfc92b6b - tokio::runtime::task::raw::poll<enum2$<orbit_web::server::start_server::async_fn_env$0>,allo
c::sync::Arc<tokio::runtime::scheduler::current_thread::Handle,alloc::alloc::Global> >
                               at 
C:\Users\User\.cargo\registry\src\index.crates.io-1949cf8c6b5b557f\tokio-1.48.0\src\runtime\task\raw.rs:325
 164:     0x7ff7c0d17e96 - tokio::runtime::task::raw::RawTask::poll
                               at 
C:\Users\User\.cargo\registry\src\index.crates.io-1949cf8c6b5b557f\tokio-1.48.0\src\runtime\task\raw.rs:255
 165:     0x7ff7c04309b2 - tokio::runtime::task::LocalNotified<alloc::sync::Arc<tokio::runtime::scheduler::current_thre
ad::Handle,alloc::alloc::Global> 
>::run<alloc::sync::Arc<tokio::runtime::scheduler::current_thread::Handle,alloc::alloc::Global> >
                               at 
C:\Users\User\.cargo\registry\src\index.crates.io-1949cf8c6b5b557f\tokio-1.48.0\src\runtime\task\mod.rs:509
 166:     0x7ff7bfcc646e - tokio::runtime::scheduler::current_thread::impl$8::block_on::closure$0::closure$1<core::pin:
:Pin<ref_mut$<core::pin::Pin<ref_mut$<dyn$<core::future::future::Future<assoc$<Output,tuple$<> > > > > > > > >
                               at C:\Users\User\.cargo\registry\src\index.crates.io-1949cf8c6b5b557f\tokio-1.48.0\src\r
untime\scheduler\current_thread\mod.rs:789
 167:     0x7ff7bfcc574c - tokio::task::coop::with_budget
                               at 
C:\Users\User\.cargo\registry\src\index.crates.io-1949cf8c6b5b557f\tokio-1.48.0\src\task\coop\mod.rs:167
 168:     0x7ff7bfcc574c - tokio::task::coop::budget
                               at 
C:\Users\User\.cargo\registry\src\index.crates.io-1949cf8c6b5b557f\tokio-1.48.0\src\task\coop\mod.rs:133
 169:     0x7ff7bfcc574c - tokio::runtime::scheduler::current_thread::impl$3::run_task::closure$0<tuple$<>,tokio::runti
me::scheduler::current_thread::impl$8::block_on::closure$0::closure_env$1<core::pin::Pin<ref_mut$<core::pin::Pin<ref_mu
t$<dyn$<core::future::future::Future<assoc$<O
                               at C:\Users\User\.cargo\registry\src\index.crates.io-1949cf8c6b5b557f\tokio-1.48.0\src\r
untime\scheduler\current_thread\mod.rs:368
 170:     0x7ff7bfcc537b - tokio::runtime::scheduler::current_thread::Context::enter<tuple$<>,tokio::runtime::scheduler
::current_thread::impl$3::run_task::closure_env$0<tuple$<>,tokio::runtime::scheduler::current_thread::impl$8::block_on:
:closure$0::closure_env$1<core::pin::Pin<ref_
                               at C:\Users\User\.cargo\registry\src\index.crates.io-1949cf8c6b5b557f\tokio-1.48.0\src\r
untime\scheduler\current_thread\mod.rs:432
 171:     0x7ff7bfcc5600 - tokio::runtime::scheduler::current_thread::Context::run_task<tuple$<>,tokio::runtime::schedu
ler::current_thread::impl$8::block_on::closure$0::closure_env$1<core::pin::Pin<ref_mut$<core::pin::Pin<ref_mut$<dyn$<co
re::future::future::Future<assoc$<Output,tupl
                               at C:\Users\User\.cargo\registry\src\index.crates.io-1949cf8c6b5b557f\tokio-1.48.0\src\r
untime\scheduler\current_thread\mod.rs:368
 172:     0x7ff7bfcc62cf - tokio::runtime::scheduler::current_thread::impl$8::block_on::closure$0<core::pin::Pin<ref_mu
t$<core::pin::Pin<ref_mut$<dyn$<core::future::future::Future<assoc$<Output,tuple$<> > > > > > > > >
                               at C:\Users\User\.cargo\registry\src\index.crates.io-1949cf8c6b5b557f\tokio-1.48.0\src\r
untime\scheduler\current_thread\mod.rs:785
 173:     0x7ff7bfcc5b2c - tokio::runtime::scheduler::current_thread::impl$8::enter::closure$0<tokio::runtime::schedule
r::current_thread::impl$8::block_on::closure_env$0<core::pin::Pin<ref_mut$<core::pin::Pin<ref_mut$<dyn$<core::future::f
uture::Future<assoc$<Output,tuple$<> > > > > 
                               at C:\Users\User\.cargo\registry\src\index.crates.io-1949cf8c6b5b557f\tokio-1.48.0\src\r
untime\scheduler\current_thread\mod.rs:829
 174:     0x7ff7bfcbdfc6 - tokio::runtime::context::scoped::Scoped<enum2$<tokio::runtime::scheduler::Context> >::set<en
um2$<tokio::runtime::scheduler::Context>,tokio::runtime::scheduler::current_thread::impl$8::enter::closure_env$0<tokio:
:runtime::scheduler::current_thread::impl$8::
                               at 
C:\Users\User\.cargo\registry\src\index.crates.io-1949cf8c6b5b557f\tokio-1.48.0\src\runtime\context\scoped.rs:40
 175:     0x7ff7bfcb3d95 - tokio::runtime::context::set_scheduler::closure$0<tuple$<alloc::boxed::Box<tokio::runtime::s
cheduler::current_thread::Core,alloc::alloc::Global>,enum2$<core::option::Option<tuple$<> > > 
>,tokio::runtime::scheduler::current_thread::impl$8::enter::closure_en
                               at 
C:\Users\User\.cargo\registry\src\index.crates.io-1949cf8c6b5b557f\tokio-1.48.0\src\runtime\context.rs:176
 176:     0x7ff7bfc87126 - std::thread::local::LocalKey<tokio::runtime::context::Context>::try_with<tokio::runtime::con
text::Context,tokio::runtime::context::set_scheduler::closure_env$0<tuple$<alloc::boxed::Box<tokio::runtime::scheduler:
:current_thread::Core,alloc::alloc::Global>,e
                               at 
C:\Users\User\.rustup\toolchains\stable-x86_64-pc-windows-msvc\lib\rustlib\src\rust\library\std\src\thread\local.rs:315
 177:     0x7ff7bfc86e0e - std::thread::local::LocalKey<tokio::runtime::context::Context>::with<tokio::runtime::context
::Context,tokio::runtime::context::set_scheduler::closure_env$0<tuple$<alloc::boxed::Box<tokio::runtime::scheduler::cur
rent_thread::Core,alloc::alloc::Global>,enum2
                               at 
C:\Users\User\.rustup\toolchains\stable-x86_64-pc-windows-msvc\lib\rustlib\src\rust\library\std\src\thread\local.rs:279
 178:     0x7ff7bfcb3d40 - tokio::runtime::context::set_scheduler<tuple$<alloc::boxed::Box<tokio::runtime::scheduler::c
urrent_thread::Core,alloc::alloc::Global>,enum2$<core::option::Option<tuple$<> > > 
>,tokio::runtime::scheduler::current_thread::impl$8::enter::closure_env$0<tokio::
                               at 
C:\Users\User\.cargo\registry\src\index.crates.io-1949cf8c6b5b557f\tokio-1.48.0\src\runtime\context.rs:176
 179:     0x7ff7bfcc58e4 - tokio::runtime::scheduler::current_thread::CoreGuard::enter<tokio::runtime::scheduler::curre
nt_thread::impl$8::block_on::closure_env$0<core::pin::Pin<ref_mut$<core::pin::Pin<ref_mut$<dyn$<core::future::future::F
uture<assoc$<Output,tuple$<> > > > > > > > >,
                               at C:\Users\User\.cargo\registry\src\index.crates.io-1949cf8c6b5b557f\tokio-1.48.0\src\r
untime\scheduler\current_thread\mod.rs:829
 180:     0x7ff7bfcc5b53 - tokio::runtime::scheduler::current_thread::CoreGuard::block_on<core::pin::Pin<ref_mut$<core:
:pin::Pin<ref_mut$<dyn$<core::future::future::Future<assoc$<Output,tuple$<> > > > > > > > >
                               at C:\Users\User\.cargo\registry\src\index.crates.io-1949cf8c6b5b557f\tokio-1.48.0\src\r
untime\scheduler\current_thread\mod.rs:729
 181:     0x7ff7bfcc4932 - tokio::runtime::scheduler::current_thread::impl$0::block_on::closure$0<core::pin::Pin<ref_mu
t$<dyn$<core::future::future::Future<assoc$<Output,tuple$<> > > > > > >
                               at C:\Users\User\.cargo\registry\src\index.crates.io-1949cf8c6b5b557f\tokio-1.48.0\src\r
untime\scheduler\current_thread\mod.rs:200
 182:     0x7ff7bfcbc006 - tokio::runtime::context::runtime::enter_runtime<tokio::runtime::scheduler::current_thread::i
mpl$0::block_on::closure_env$0<core::pin::Pin<ref_mut$<dyn$<core::future::future::Future<assoc$<Output,tuple$<> > > > 
> > >,tuple$<> >
                               at 
C:\Users\User\.cargo\registry\src\index.crates.io-1949cf8c6b5b557f\tokio-1.48.0\src\runtime\context\runtime.rs:65
 183:     0x7ff7bfcc4717 - tokio::runtime::scheduler::current_thread::CurrentThread::block_on<core::pin::Pin<ref_mut$<d
yn$<core::future::future::Future<assoc$<Output,tuple$<> > > > > > >
                               at C:\Users\User\.cargo\registry\src\index.crates.io-1949cf8c6b5b557f\tokio-1.48.0\src\r
untime\scheduler\current_thread\mod.rs:188
 184:     0x7ff7bfcc86ff - tokio::runtime::runtime::Runtime::block_on_inner<core::pin::Pin<ref_mut$<dyn$<core::future::
future::Future<assoc$<Output,tuple$<> > > > > > >
                               at 
C:\Users\User\.cargo\registry\src\index.crates.io-1949cf8c6b5b557f\tokio-1.48.0\src\runtime\runtime.rs:368
 185:     0x7ff7bfcc8800 - tokio::runtime::runtime::Runtime::block_on<core::pin::Pin<ref_mut$<dyn$<core::future::future
::Future<assoc$<Output,tuple$<> > > > > > >
                               at 
C:\Users\User\.cargo\registry\src\index.crates.io-1949cf8c6b5b557f\tokio-1.48.0\src\runtime\runtime.rs:342
 186:     0x7ff7bfc86ad3 - gui_integration::orbit_web_health_endpoint_responds
                               at C:\orbit\tests\gui_integration.rs:29
 187:     0x7ff7bfc9fcb8 - gui_integration::orbit_web_health_endpoint_responds::closure$0
                               at C:\orbit\tests\gui_integration.rs:7
 188:     0x7ff7bfc8deb2 - 
core::ops::function::FnOnce::call_once<gui_integration::orbit_web_health_endpoint_responds::closure_env$0,tuple$<> >
                               at C:\Users\User\.rustup\toolchains\stable-x86_64-pc-windows-msvc\lib\rustlib\src\rust\l
ibrary\core\src\ops\function.rs:253
 189:     0x7ff7c0d0da40 - core::ops::function::FnOnce::call_once
                               at /rustc/1159e78c4747b02ef996e55082b704c09b970588/library\core\src\ops\function.rs:253
 190:     0x7ff7c0d0da40 - 
test::__rust_begin_short_backtrace<enum2$<core::result::Result<tuple$<>,alloc::string::String> 
>,enum2$<core::result::Result<tuple$<>,alloc::string::String> > (*)()>
                               at /rustc/1159e78c4747b02ef996e55082b704c09b970588/library\test\src\lib.rs:648
 191:     0x7ff7c0d0c323 - test::run_test_in_process
                               at /rustc/1159e78c4747b02ef996e55082b704c09b970588/library\test\src\lib.rs:671
 192:     0x7ff7c0d0c323 - test::run_test::closure$0
                               at /rustc/1159e78c4747b02ef996e55082b704c09b970588/library\test\src\lib.rs:592
 193:     0x7ff7c0cc6e3c - test::run_test::closure$1
                               at /rustc/1159e78c4747b02ef996e55082b704c09b970588/library\test\src\lib.rs:622
 194:     0x7ff7c0cc6e3c - std::sys::backtrace::__rust_begin_short_backtrace<test::run_test::closure_env$1,tuple$<> >
                               at /rustc/1159e78c4747b02ef996e55082b704c09b970588/library\std\src\sys\backtrace.rs:158
 195:     0x7ff7c0ccb2ad - core::ops::function::FnOnce::call_once<std::thread::impl$0::spawn_unchecked_::closure_env$1<
test::run_test::closure_env$1,tuple$<> >,tuple$<> >
                               at /rustc/1159e78c4747b02ef996e55082b704c09b970588/library\core\src\ops\function.rs:253
 196:     0x7ff7c0de8ecd - alloc::boxed::impl$28::call_once
                               at /rustc/1159e78c4747b02ef996e55082b704c09b970588/library\alloc\src\boxed.rs:1971
 197:     0x7ff7c0de8ecd - alloc::boxed::impl$28::call_once
                               at /rustc/1159e78c4747b02ef996e55082b704c09b970588/library\alloc\src\boxed.rs:1971
 198:     0x7ff7c0de8ecd - std::sys::pal::windows::thread::impl$0::new::thread_start
                               at 
/rustc/1159e78c4747b02ef996e55082b704c09b970588/library\std\src\sys\pal\windows\thread.rs:60
 199:     0x7ffa3d2ce8d7 - BaseThreadInitThunk
 200:     0x7ffa3e4cc53c - RtlUserThreadStart
thread caused non-unwinding panic. aborting.
error: test failed, to rerun pass `--test gui_integration`

Caused by:
  process didn't exit successfully: `C:\orbit\target\debug\deps\gui_integration-93c3e40156f03fbe.exe --nocapture` 
(exit code: 0xc0000409, STATUS_STACK_BUFFER_OVERRUN)
